Archive member included because of file (symbol)

c:/Espressif/ESP8266_SDK/lib\libmain.a(debug-vector.o)
                              (_DebugExceptionVector)
c:/Espressif/ESP8266_SDK/lib\libmain.a(double-vector.o)
                              (_DoubleExceptionVector)
c:/Espressif/ESP8266_SDK/lib\libmain.a(kernel-vector.o)
                              (_KernelExceptionVector)
c:/Espressif/ESP8266_SDK/lib\libmain.a(nmi-vector.o)
                              (_NMIExceptionVector)
c:/Espressif/ESP8266_SDK/lib\libmain.a(user-vector.o)
                              (_UserExceptionVector)
c:/Espressif/ESP8266_SDK/lib\libmain.a(vector.o)
                              (call_user_start)
c:/Espressif/ESP8266_SDK/lib\libmain.a(app_main.o)
                              c:/Espressif/ESP8266_SDK/lib\libmain.a(nmi-vector.o) (NMI_Handler)
c:/Espressif/ESP8266_SDK/lib\libmain.a(ets_timer.o)
                              c:/Espressif/ESP8266_SDK/lib\libmain.a(app_main.o) (ets_timer_setfn)
c:/Espressif/ESP8266_SDK/lib\libmain.a(mem_manager.o)
                              c:/Espressif/ESP8266_SDK/lib\libmain.a(app_main.o) (pvPortMalloc)
c:/Espressif/ESP8266_SDK/lib\libmain.a(spi_flash.o)
                              c:/Espressif/ESP8266_SDK/lib\libmain.a(app_main.o) (spi_flash_read)
c:/Espressif/ESP8266_SDK/lib\libmain.a(user_interface.o)
                              c:/Espressif/ESP8266_SDK/lib\libmain.a(app_main.o) (done_cb)
c:/Espressif/ESP8266_SDK/lib\libmain.a(eagle_lib.o)
                              c:/Espressif/ESP8266_SDK/lib\libmain.a(user_interface.o) (ets_sprintf)
c:/Espressif/ESP8266_SDK/lib\libmain.a(eagle_lwip_if.o)
                              c:/Espressif/ESP8266_SDK/lib\libmain.a(user_interface.o) (hostname)
c:/tools/sming/Sming/compiler/lib/\libsming.a(user_main.o)
                              c:/Espressif/ESP8266_SDK/lib\libmain.a(app_main.o) (user_init)
c:/tools/sming/Sming/compiler/lib/\libsming.a(System.o)
                              c:/tools/sming/Sming/compiler/lib/\libsming.a(user_main.o) (SystemClass::initialize())
c:/tools/sming/Sming/compiler/lib/\libsming.a(esp_cplusplus.o)
                              c:/tools/sming/Sming/compiler/lib/\libsming.a(user_main.o) (cpp_core_initialize)
c:/tools/sming/Sming/compiler/lib/\libsming.a(m_printf.o)
                              c:/tools/sming/Sming/compiler/lib/\libsming.a(esp_cplusplus.o) (m_printf)
c:/tools/sming/Sming/compiler/lib/\libsming.a(stringconversion.o)
                              c:/tools/sming/Sming/compiler/lib/\libsming.a(m_printf.o) (ltoa_w)
c:/tools/sming/Sming/compiler/lib/\libsming.a(IPAddress.o)
                              c:/tools/sming/Sming/compiler/lib/\libsming.a(user_main.o) (IPAddress::IPAddress(unsigned char, unsigned char, unsigned char, unsigned char))
c:/tools/sming/Sming/compiler/lib/\libsming.a(Print.o)
                              c:/tools/sming/Sming/compiler/lib/\libsming.a(IPAddress.o) (Print::print(char))
c:/tools/sming/Sming/compiler/lib/\libsming.a(WString.o)
                              c:/tools/sming/Sming/compiler/lib/\libsming.a(IPAddress.o) (String::~String())
c:/tools/sming/Sming/compiler/lib/\libsming.a(Interrupts.o)
                              c:/tools/sming/Sming/compiler/lib/\libsming.a(System.o) (noInterrupts())
c:/tools/sming/Sming/compiler/lib/\libsming.a(Digital.o)
                              c:/tools/sming/Sming/compiler/lib/\libsming.a(Interrupts.o) (pinMode(unsigned short, unsigned char))
out/build/app_app.a(application.o)
                              c:/tools/sming/Sming/compiler/lib/\libsming.a(user_main.o) (init())
c:/tools/sming/Sming/compiler/lib/\libmicroc.a(isspace.o)
                              c:/tools/sming/Sming/compiler/lib/\libsming.a(WString.o) (isspace)
c:/tools/sming/Sming/compiler/lib/\libmicroc.a(tolower.o)
                              c:/tools/sming/Sming/compiler/lib/\libsming.a(WString.o) (tolower)
c:/tools/sming/Sming/compiler/lib/\libmicroc.a(toupper.o)
                              c:/tools/sming/Sming/compiler/lib/\libsming.a(WString.o) (toupper)
c:/tools/sming/Sming/compiler/lib/\libmicroc.a(atof.o)
                              c:/tools/sming/Sming/compiler/lib/\libsming.a(WString.o) (atof)
c:/tools/sming/Sming/compiler/lib/\libmicroc.a(atoi.o)
                              c:/tools/sming/Sming/compiler/lib/\libsming.a(WString.o) (atoi)
c:/tools/sming/Sming/compiler/lib/\libmicroc.a(strtod.o)
                              c:/tools/sming/Sming/compiler/lib/\libmicroc.a(atof.o) (strtod)
c:/tools/sming/Sming/compiler/lib/\libmicroc.a(__fpclassify.o)
                              c:/tools/sming/Sming/compiler/lib/\libsming.a(stringconversion.o) (__fpclassifyd)
c:/tools/sming/Sming/compiler/lib/\libmicroc.a(strchr.o)
                              c:/tools/sming/Sming/compiler/lib/\libsming.a(WString.o) (strchr)
c:/tools/sming/Sming/compiler/lib/\libmicroc.a(strrchr.o)
[...]
Memory Configuration

Name             Origin             Length             Attributes
dport0_0_seg     0x3ff00000         0x00000010
dram0_0_seg      0x3ffe8000         0x00014000
iram1_0_seg      0x40100000         0x00008000
irom0_0_seg      0x40209000         0x00042000
*default*        0x00000000         0xffffffff

Linker script and memory map

START GROUP
LOAD c:/tools/sming/Sming/compiler/lib/\libmicroc.a
LOAD c:/tools/sming/Sming/compiler/lib/\libmicrogcc.a
LOAD c:/espressif/xtensa-lx106-elf/bin/../lib/gcc/xtensa-lx106-elf/5.1.0/../../../../xtensa-lx106-elf/lib\libhal.a
LOAD c:/Espressif/ESP8266_SDK/lib\libphy.a
LOAD c:/Espressif/ESP8266_SDK/lib\libpp.a
LOAD c:/Espressif/ESP8266_SDK/lib\libnet80211.a
LOAD c:/Espressif/ESP8266_SDK/lib\liblwip.a
LOAD c:/Espressif/ESP8266_SDK/lib\libwpa.a
LOAD c:/Espressif/ESP8266_SDK/lib\libmain.a
LOAD c:/tools/sming/Sming/compiler/lib/\libsming.a
LOAD c:/Espressif/ESP8266_SDK/lib\libcrypto.a
LOAD c:/Espressif/ESP8266_SDK/lib\libpwm.a
LOAD c:/Espressif/ESP8266_SDK/lib\libsmartconfig.a
LOAD out/build/app_app.a
END GROUP
                0x40000000                PROVIDE (_memmap_vecbase_reset, 0x40000000)
                0x00000110                _memmap_cacheattr_wb_base = 0x110
                0x00000110                _memmap_cacheattr_wt_base = 0x110
                0x00000220                _memmap_cacheattr_bp_base = 0x220
                0xfffff00f                _memmap_cacheattr_unused_mask = 0xfffff00f
                0x2222211f                _memmap_cacheattr_wb_trapnull = 0x2222211f
                0x2222211f                _memmap_cacheattr_wba_trapnull = 0x2222211f
                0x2222211f                _memmap_cacheattr_wbna_trapnull = 0x2222211f
                0x2222211f                _memmap_cacheattr_wt_trapnull = 0x2222211f
                0x2222222f                _memmap_cacheattr_bp_trapnull = 0x2222222f
                0xfffff11f                _memmap_cacheattr_wb_strict = 0xfffff11f
                0xfffff11f                _memmap_cacheattr_wt_strict = 0xfffff11f
                0xfffff22f                _memmap_cacheattr_bp_strict = 0xfffff22f
                0x22222112                _memmap_cacheattr_wb_allvalid = 0x22222112
                0x22222112                _memmap_cacheattr_wt_allvalid = 0x22222112
                0x22222222                _memmap_cacheattr_bp_allvalid = 0x22222222
                0x2222211f                PROVIDE (_memmap_cacheattr_reset, _memmap_cacheattr_wb_trapnull)

.dport0.rodata  0x3ff00000        0x0
                0x3ff00000                _dport0_rodata_start = ABSOLUTE (.)
 *(.dport0.rodata)
 *(.dport.rodata)
                0x3ff00000                _dport0_rodata_end = ABSOLUTE (.)

.dport0.literal
                0x3ff00000        0x0
                0x3ff00000                _dport0_literal_start = ABSOLUTE (.)
 *(.dport0.literal)
 *(.dport.literal)
                0x3ff00000                _dport0_literal_end = ABSOLUTE (.)

.dport0.data    0x3ff00000        0x0
                0x3ff00000                _dport0_data_start = ABSOLUTE (.)
 *(.dport0.data)
 *(.dport.data)
                0x3ff00000                _dport0_data_end = ABSOLUTE (.)

.data           0x3ffe8000      0x784
                0x3ffe8000                _data_start = ABSOLUTE (.)
 *(.data)
 .data          0x3ffe8000        0x4 c:/Espressif/ESP8266_SDK/lib\libmain.a(nmi-vector.o)
                0x3ffe8000                _Pri_3_HandlerAddress
 .data          0x3ffe8004        0x1 c:/Espressif/ESP8266_SDK/lib\libmain.a(app_main.o)
 *fill*         0x3ffe8005        0x3 
 .data          0x3ffe8008        0x6 c:/Espressif/ESP8266_SDK/lib\libmain.a(user_interface.o)
                0x3ffe8009                timer2_ms_flag
                0x3ffe800a                dhcps_flag
                0x3ffe800b                dhcpc_flag
                0x3ffe800d                reconnect_internal
 *fill*         0x3ffe800e        0x2 
 .data          0x3ffe8010        0x1 c:/Espressif/ESP8266_SDK/lib\libmain.a(eagle_lwip_if.o)
                0x3ffe8010                default_hostname
 *fill*         0x3ffe8011        0xf 
 .data          0x3ffe8020       0x53 c:/Espressif/ESP8266_SDK/lib\libphy.a(phy_chip_v6.o)
                0x3ffe8022                tx_rf_ana_gain
                0x3ffe8050                rx_gain_swp
                0x3ffe8070                test_rffreq_txcap
 *fill*         0x3ffe8073        0x1 
 .data          0x3ffe8074        0x4 c:/Espressif/ESP8266_SDK/lib\libphy.a(phy_sleep.o)
                0x3ffe8074                chip_version
 .data          0x3ffe8078        0x1 c:/Espressif/ESP8266_SDK/lib\libpp.a(pm.o)
 *fill*         0x3ffe8079        0x3 
 .data          0x3ffe807c        0x1 c:/Espressif/ESP8266_SDK/lib\libpp.a(pm_for_bcn_only_mode.o)
 *fill*         0x3ffe807d        0x3 
 .data          0x3ffe8080       0x1c c:/Espressif/ESP8266_SDK/lib\libpp.a(pp.o)
                0x3ffe8080                soft_wdt_interval
                0x3ffe8084                NoiseTimerInterval
                0x3ffe808c                sleep_start_wait_time
                0x3ffe8094                CanDoFreqCal
                0x3ffe8098                tcb
 *fill*         0x3ffe809c        0x4 
 .data          0x3ffe80a0       0x40 c:/Espressif/ESP8266_SDK/lib\libpp.a(rate_control.o)
 .data          0x3ffe80e0      0x24c c:/Espressif/ESP8266_SDK/lib\libpp.a(trc.o)
 .data          0x3ffe832c        0x8 c:/Espressif/ESP8266_SDK/lib\libpp.a(wdev.o)
 .data          0x3ffe8334        0x1 c:/Espressif/ESP8266_SDK/lib\libnet80211.a(ieee80211_hostap.o)
                0x3ffe8334                TmpSTAAPCloseAP
 *fill*         0x3ffe8335        0x3 
 .data          0x3ffe8338        0x1 c:/Espressif/ESP8266_SDK/lib\libnet80211.a(wl_cnx.o)
 *fill*         0x3ffe8339        0x7 
 .data          0x3ffe8340       0x1c c:/Espressif/ESP8266_SDK/lib\libnet80211.a(ieee80211_action.o)
 .data          0x3ffe835c        0x4 c:/Espressif/ESP8266_SDK/lib\liblwip.a(dhcp.o)
 .data          0x3ffe8360        0x5 c:/Espressif/ESP8266_SDK/lib\liblwip.a(dhcpserver.o)
                0x3ffe8360                dhcps_lease_time
 *fill*         0x3ffe8365        0x3 
 .data          0x3ffe8368        0x8 c:/Espressif/ESP8266_SDK/lib\liblwip.a(tcp.o)
 *(.data.*)
 .data.cbc_printchar
                0x3ffe8370        0x4 c:/tools/sming/Sming/compiler/lib/\libsming.a(m_printf.o)
                0x3ffe8370                cbc_printchar
 .data._ZZN16Adafruit_SSD130621drawFastVLineInternalEssstE8postmask
                0x3ffe8374        0x8 c:/tools/sming/Sming/compiler/lib/\libsming.a(Adafruit_SSD1306.o)
                0x3ffe8374                Adafruit_SSD1306::drawFastVLineInternal(short, short, short, unsigned short)::postmask
 .data._ZZN16Adafruit_SSD130621drawFastVLineInternalEssstE7premask
                0x3ffe837c        0x8 c:/tools/sming/Sming/compiler/lib/\libsming.a(Adafruit_SSD1306.o)
                0x3ffe837c                Adafruit_SSD1306::drawFastVLineInternal(short, short, short, unsigned short)::premask
 .data._ZL6buffer
                0x3ffe8384      0x400 c:/tools/sming/Sming/compiler/lib/\libsming.a(Adafruit_SSD1306.o)
 *(.gnu.linkonce.d.*)
 *(.data1)
 *(.sdata)
 *(.sdata.*)
 *(.gnu.linkonce.s.*)
 *(.sdata2)
 *(.sdata2.*)
 *(.gnu.linkonce.s2.*)
 *(.jcr)
                0x3ffe8784                _data_end = ABSOLUTE (.)

.rodata         0x3ffe8788     0x1498
                0x3ffe8788                _rodata_start = ABSOLUTE (.)
 *(.sdk.version)
 .sdk.version   0x3ffe8788        0x6 c:/Espressif/ESP8266_SDK/lib\libmain.a(app_main.o)
                0x3ffe8788                SDK_VERSION
 *(.rodata)
 *fill*         0x3ffe878e        0x2 
 .rodata        0x3ffe8790        0x8 c:/Espressif/ESP8266_SDK/lib\libphy.a(phy_chip_v6.o)
 .rodata        0x3ffe8798        0x4 c:/Espressif/ESP8266_SDK/lib\libpp.a(pp.o)
 .rodata        0x3ffe879c        0x8 c:/Espressif/ESP8266_SDK/lib\libnet80211.a(ieee80211_hostap.o)
 .rodata        0x3ffe87a4        0x9 c:/Espressif/ESP8266_SDK/lib\libnet80211.a(ieee80211_output.o)
 *fill*         0x3ffe87ad        0x3 
 .rodata        0x3ffe87b0        0x6 c:/Espressif/ESP8266_SDK/lib\liblwip.a(etharp.o)
                0x3ffe87b0                ethbroadcast
 *(.rodata.*)
 *fill*         0x3ffe87b6        0x2 
 .rodata.str1.4
                0x3ffe87b8        0xc c:/Espressif/ESP8266_SDK/lib\libmain.a(app_main.o)
 .rodata.str1.4
                0x3ffe87c4        0x4 c:/Espressif/ESP8266_SDK/lib\libmain.a(ets_timer.o)
                                  0xc (size before relaxing)
 .rodata.str1.4
                0x3ffe87c8       0x1a c:/Espressif/ESP8266_SDK/lib\libmain.a(mem_manager.o)
 *fill*         0x3ffe87e2        0x2 
 .rodata._ZL14EspDigitalPins
                0x3ffe87e4       0xc0 c:/tools/sming/Sming/compiler/lib/\libsming.a(user_main.o)
 .rodata._ZTV6VectorI8DelegateIFvvEEE
                0x3ffe88a4       0x1c c:/tools/sming/Sming/compiler/lib/\libsming.a(System.o)
                0x3ffe88a4                vtable for Vector<Delegate<void ()> >
 .rodata._ZTV6VectorIP19ISystemReadyHandlerE
                0x3ffe88c0       0x1c c:/tools/sming/Sming/compiler/lib/\libsming.a(System.o)
                0x3ffe88c0                vtable for Vector<ISystemReadyHandler*>
 .rodata.str1.1
                0x3ffe88dc       0x41 c:/tools/sming/Sming/compiler/lib/\libsming.a(esp_cplusplus.o)
 .rodata.str1.1
                0x3ffe891d       0x21 c:/tools/sming/Sming/compiler/lib/\libsming.a(stringconversion.o)
 *fill*         0x3ffe893e        0x2 
 .rodata._ZTV9IPAddress
                0x3ffe8940        0xc c:/tools/sming/Sming/compiler/lib/\libsming.a(IPAddress.o)
                0x3ffe8940                vtable for IPAddress
 .rodata.str1.1
                0x00000000       0x21 c:/tools/sming/Sming/compiler/lib/\libsming.a(WString.o)
                                  0x1 (size before relaxing)
 .rodata.str1.1
                0x3ffe894c       0x23 c:/tools/sming/Sming/compiler/lib/\libsming.a(Digital.o)
 *fill*         0x3ffe896f        0x1 
 .rodata._ZL14EspDigitalPins
                0x3ffe8970       0xc0 c:/tools/sming/Sming/compiler/lib/\libsming.a(Digital.o)
 .rodata.str1.1
                0x3ffe8a30      0x1c9 out/build/app_app.a(application.o)
                                0x1d8 (size before relaxing)
 *fill*         0x3ffe8bf9        0x3 
 .rodata._ZTV14FunctionCallerIPFvvEvJEE
                0x3ffe8bfc       0x14 out/build/app_app.a(application.o)
                0x3ffe8bfc                vtable for FunctionCaller<void (*)(), void>
 .rodata._ZTV14FunctionCallerIPFv6StringS0_EvJS0_S0_EE
                0x3ffe8c10       0x14 out/build/app_app.a(application.o)
                0x3ffe8c10                vtable for FunctionCaller<void (*)(String, String), void, String, String>
 .rodata.str1.1
                0x3ffe8c24        0xc c:/tools/sming/Sming/compiler/lib/\libmicroc.a(abort.o)
 .rodata.str1.4
                0x3ffe8c30        0x4 c:/Espressif/ESP8266_SDK/lib\libpp.a(lmac.o)
                                  0xc (size before relaxing)
 .rodata.str1.4
                0x3ffe8c34        0x4 c:/Espressif/ESP8266_SDK/lib\libpp.a(pm_for_bcn_only_mode.o)
                                  0xc (size before relaxing)
 .rodata.str1.4
                0x3ffe8c38        0x8 c:/Espressif/ESP8266_SDK/lib\libpp.a(pp.o)
                                 0x10 (size before relaxing)
 .rodata.str1.4
                0x3ffe8c40        0x4 c:/Espressif/ESP8266_SDK/lib\libpp.a(wdev.o)
                                  0xc (size before relaxing)
 .rodata.str1.4
                0x3ffe8c44        0x3 c:/Espressif/ESP8266_SDK/lib\libnet80211.a(ieee80211_hostap.o)
                                  0x8 (size before relaxing)
 *fill*         0x3ffe8c47        0x1 
 .rodata.str1.4
                0x3ffe8c48        0x7 c:/Espressif/ESP8266_SDK/lib\libnet80211.a(ieee80211_mesh_quick.o)
 .rodata.str1.4
                0x00000000        0x4 c:/Espressif/ESP8266_SDK/lib\libnet80211.a(ieee80211_sta.o)
 .rodata.str1.4
                0x00000000        0x4 c:/Espressif/ESP8266_SDK/lib\libnet80211.a(ieee80211_action_vendor.o)
 .rodata.str1.4
                0x00000000        0x4 c:/Espressif/ESP8266_SDK/lib\libnet80211.a(ieee80211_ie_vendor.o)
 .rodata.str1.4
                0x00000000        0x7 c:/Espressif/ESP8266_SDK/lib\liblwip.a(espconn_tcp.o)
                                  0x1 (size before relaxing)
 *fill*         0x3ffe8c4f        0x1 
 .rodata.str1.4
                0x3ffe8c50       0x10 c:/Espressif/ESP8266_SDK/lib\libwpa.a(wpa_debug.o)
                                  0xd (size before relaxing)
 .rodata.str1.1
                0x00000000        0xc c:/tools/sming/Sming/compiler/lib/\libsming.a(HardwareSerial.o)
                                  0x4 (size before relaxing)
 .rodata._ZTV14HardwareSerial
                0x3ffe8c60       0x20 c:/tools/sming/Sming/compiler/lib/\libsming.a(HardwareSerial.o)
                0x3ffe8c60                vtable for HardwareSerial
 .rodata.str1.1
                0x3ffe8c80      0x169 c:/tools/sming/Sming/compiler/lib/\libsming.a(MqttClient.o)
                                0x16a (size before relaxing)
 *fill*         0x3ffe8de9        0x3 
 .rodata._ZTV10MqttClient
                0x3ffe8dec       0x3c c:/tools/sming/Sming/compiler/lib/\libsming.a(MqttClient.o)
                0x3ffe8dec                vtable for MqttClient
 .rodata.str1.1
                0x3ffe8e28       0x1e c:/tools/sming/Sming/compiler/lib/\libsming.a(TcpClient.o)
 *fill*         0x3ffe8e46        0x2 
 .rodata._ZTV9TcpClient
                0x3ffe8e48       0x3c c:/tools/sming/Sming/compiler/lib/\libsming.a(TcpClient.o)
                0x3ffe8e48                vtable for TcpClient
 .rodata.str1.1
                0x3ffe8e84      0x220 c:/tools/sming/Sming/compiler/lib/\libsming.a(TcpConnection.o)
 .rodata._ZTV13TcpConnection
                0x3ffe90a4       0x38 c:/tools/sming/Sming/compiler/lib/\libsming.a(TcpConnection.o)
                0x3ffe90a4                vtable for TcpConnection
 .rodata.str1.1
                0x3ffe90dc       0xf0 c:/tools/sming/Sming/compiler/lib/\libsming.a(AccessPoint.o)
                                 0xf1 (size before relaxing)
 .rodata._ZTV16AccessPointClass
                0x3ffe91cc       0x14 c:/tools/sming/Sming/compiler/lib/\libsming.a(AccessPoint.o)
                0x3ffe91cc                vtable for AccessPointClass
 .rodata.str1.1
                0x3ffe91e0      0x24d c:/tools/sming/Sming/compiler/lib/\libsming.a(Station.o)
                                0x283 (size before relaxing)
 *fill*         0x3ffe942d        0x3 
 .rodata._ZTV12StationClass
                0x3ffe9430       0x14 c:/tools/sming/Sming/compiler/lib/\libsming.a(Station.o)
                0x3ffe9430                vtable for StationClass
 .rodata._ZTV6VectorI7BssInfoE
                0x3ffe9444       0x1c c:/tools/sming/Sming/compiler/lib/\libsming.a(Station.o)
                0x3ffe9444                vtable for Vector<BssInfo>
 .rodata._ZTV8WDTClass
                0x3ffe9460       0x14 c:/tools/sming/Sming/compiler/lib/\libsming.a(WDT.o)
                0x3ffe9460                vtable for WDTClass
 .rodata.str1.1
                0x3ffe9474       0xf3 c:/tools/sming/Sming/compiler/lib/\libsming.a(CommandExecutor.o)
                                 0xf8 (size before relaxing)
 .rodata.str1.1
                0x3ffe9567      0x3b3 c:/tools/sming/Sming/compiler/lib/\libsming.a(CommandHandler.o)
                                0x3bb (size before relaxing)
 *fill*         0x3ffe991a        0x2 
 .rodata._ZTV12Adafruit_GFX
                0x3ffe991c       0x30 c:/tools/sming/Sming/compiler/lib/\libsming.a(Adafruit_GFX.o)
                0x3ffe991c                vtable for Adafruit_GFX
 .rodata._ZTV16Adafruit_SSD1306
                0x3ffe994c       0x30 c:/tools/sming/Sming/compiler/lib/\libsming.a(Adafruit_SSD1306.o)
                0x3ffe994c                vtable for Adafruit_SSD1306
 .rodata.str1.1
                0x3ffe997c        0x6 c:/tools/sming/Sming/compiler/lib/\libsming.a(libemqtt.o)
 .rodata.str1.1
                0x3ffe9982      0x138 c:/tools/sming/Sming/compiler/lib/\libsming.a(DataSourceStream.o)
                                0x139 (size before relaxing)
 *fill*         0x3ffe9aba        0x2 
 .rodata._ZTV16MemoryDataStream
                0x3ffe9abc       0x48 c:/tools/sming/Sming/compiler/lib/\libsming.a(DataSourceStream.o)
                0x3ffe9abc                vtable for MemoryDataStream
 .rodata.str1.1
                0x3ffe9b04       0x20 c:/tools/sming/Sming/compiler/lib/\libsming.a(SPI.o)
 .rodata._ZTV7TwoWire
                0x3ffe9b24       0x28 c:/tools/sming/Sming/compiler/lib/\libsming.a(Wire.o)
                0x3ffe9b24                vtable for TwoWire
 .rodata.str1.1
                0x00000000        0x1 c:/tools/sming/Sming/compiler/lib/\libsming.a(CommandDelegate.o)
 .rodata._ZTV13SoftI2cMaster
                0x3ffe9b4c       0x1c c:/tools/sming/Sming/compiler/lib/\libsming.a(I2cMaster.o)
                0x3ffe9b4c                vtable for SoftI2cMaster
 *(.gnu.linkonce.r.*)
 *(.rodata1)
                0x3ffe9b68                __XT_EXCEPTION_TABLE__ = ABSOLUTE (.)
 *(.xt_except_table)
 *(.gcc_except_table)
 *(.gnu.linkonce.e.*)
 *(.gnu.version_r)
 *(.eh_frame)
                0x3ffe9b68                . = ((. + 0x3) & 0xfffffffc)
                0x3ffe9b68                __dso_handle = ABSOLUTE (.)
                0x3ffe9b68                __init_array_start = ABSOLUTE (.)
 *crtbegin.o(.ctors)
 *(EXCLUDE_FILE(*crtend.o) .ctors)
 .ctors         0x3ffe9b68        0x4 c:/tools/sming/Sming/compiler/lib/\libsming.a(user_main.o)
 .ctors         0x3ffe9b6c        0x4 c:/tools/sming/Sming/compiler/lib/\libsming.a(System.o)
 .ctors         0x3ffe9b70        0x4 c:/tools/sming/Sming/compiler/lib/\libsming.a(m_printf.o)
 .ctors         0x3ffe9b74        0x4 c:/tools/sming/Sming/compiler/lib/\libsming.a(IPAddress.o)
 .ctors         0x3ffe9b78        0x4 c:/tools/sming/Sming/compiler/lib/\libsming.a(Print.o)
 .ctors         0x3ffe9b7c        0x4 c:/tools/sming/Sming/compiler/lib/\libsming.a(WString.o)
 .ctors         0x3ffe9b80        0x4 c:/tools/sming/Sming/compiler/lib/\libsming.a(Interrupts.o)
 .ctors         0x3ffe9b84        0x4 c:/tools/sming/Sming/compiler/lib/\libsming.a(Digital.o)
 .ctors         0x3ffe9b88        0x4 out/build/app_app.a(application.o)
 .ctors         0x3ffe9b8c        0x4 c:/tools/sming/Sming/compiler/lib/\libsming.a(HardwareSerial.o)
 .ctors         0x3ffe9b90        0x4 c:/tools/sming/Sming/compiler/lib/\libsming.a(MqttClient.o)
 .ctors         0x3ffe9b94        0x4 c:/tools/sming/Sming/compiler/lib/\libsming.a(TcpClient.o)
 .ctors         0x3ffe9b98        0x4 c:/tools/sming/Sming/compiler/lib/\libsming.a(TcpConnection.o)
 .ctors         0x3ffe9b9c        0x4 c:/tools/sming/Sming/compiler/lib/\libsming.a(AccessPoint.o)
 .ctors         0x3ffe9ba0        0x4 c:/tools/sming/Sming/compiler/lib/\libsming.a(Station.o)
 .ctors         0x3ffe9ba4        0x4 c:/tools/sming/Sming/compiler/lib/\libsming.a(WDT.o)
 .ctors         0x3ffe9ba8        0x4 c:/tools/sming/Sming/compiler/lib/\libsming.a(CommandExecutor.o)
 .ctors         0x3ffe9bac        0x4 c:/tools/sming/Sming/compiler/lib/\libsming.a(CommandHandler.o)
 .ctors         0x3ffe9bb0        0x4 c:/tools/sming/Sming/compiler/lib/\libsming.a(CommandOutput.o)
 .ctors         0x3ffe9bb4        0x4 c:/tools/sming/Sming/compiler/lib/\libsming.a(Adafruit_GFX.o)
 .ctors         0x3ffe9bb8        0x4 c:/tools/sming/Sming/compiler/lib/\libsming.a(Adafruit_SSD1306.o)
 .ctors         0x3ffe9bbc        0x4 c:/tools/sming/Sming/compiler/lib/\libsming.a(Clock.o)
 .ctors         0x3ffe9bc0        0x4 c:/tools/sming/Sming/compiler/lib/\libsming.a(DataSourceStream.o)
 .ctors         0x3ffe9bc4        0x4 c:/tools/sming/Sming/compiler/lib/\libsming.a(SPI.o)
 .ctors         0x3ffe9bc8        0x4 c:/tools/sming/Sming/compiler/lib/\libsming.a(SystemClock.o)
 .ctors         0x3ffe9bcc        0x4 c:/tools/sming/Sming/compiler/lib/\libsming.a(Wire.o)
 .ctors         0x3ffe9bd0        0x4 c:/tools/sming/Sming/compiler/lib/\libsming.a(WebSocket.o)
 .ctors         0x3ffe9bd4        0x4 c:/tools/sming/Sming/compiler/lib/\libsming.a(RTC.o)
 .ctors         0x3ffe9bd8        0x4 c:/tools/sming/Sming/compiler/lib/\libsming.a(ArduinoJson.o)
 .ctors         0x3ffe9bdc        0x4 c:/tools/sming/Sming/compiler/lib/\libsming.a(CommandDelegate.o)
 .ctors         0x3ffe9be0        0x4 c:/tools/sming/Sming/compiler/lib/\libsming.a(DateTime.o)
 .ctors         0x3ffe9be4        0x4 c:/tools/sming/Sming/compiler/lib/\libsming.a(I2cMaster.o)
 .ctors         0x3ffe9be8        0x4 c:/tools/sming/Sming/compiler/lib/\libsming.a(HttpRequest.o)
 .ctors         0x3ffe9bec        0x4 c:/tools/sming/Sming/compiler/lib/\libsming.a(HttpResponse.o)
 .ctors         0x3ffe9bf0        0x4 c:/tools/sming/Sming/compiler/lib/\libsming.a(HttpServer.o)
 .ctors         0x3ffe9bf4        0x4 c:/tools/sming/Sming/compiler/lib/\libsming.a(HttpServerConnection.o)
 .ctors         0x3ffe9bf8        0x4 c:/tools/sming/Sming/compiler/lib/\libsming.a(TcpServer.o)
 *(SORT(.ctors.*))
 *(.ctors)
                0x3ffe9bfc                __init_array_end = ABSOLUTE (.)
 *crtbegin.o(.dtors)
 *(EXCLUDE_FILE(*crtend.o) .dtors)
 .dtors         0x3ffe9bfc        0x4 c:/tools/sming/Sming/compiler/lib/\libsming.a(System.o)
 .dtors         0x3ffe9c00        0x4 c:/tools/sming/Sming/compiler/lib/\libsming.a(Interrupts.o)
 .dtors         0x3ffe9c04        0x4 out/build/app_app.a(application.o)
 .dtors         0x3ffe9c08        0x4 c:/tools/sming/Sming/compiler/lib/\libsming.a(HardwareSerial.o)
 .dtors         0x3ffe9c0c        0x4 c:/tools/sming/Sming/compiler/lib/\libsming.a(Station.o)
 .dtors         0x3ffe9c10        0x4 c:/tools/sming/Sming/compiler/lib/\libsming.a(CommandHandler.o)
 .dtors         0x3ffe9c14        0x4 c:/tools/sming/Sming/compiler/lib/\libsming.a(Wire.o)
 *(SORT(.dtors.*))
 *(.dtors)
                0x3ffe9c18                __XT_EXCEPTION_DESCS__ = ABSOLUTE (.)
 *(.xt_except_desc)
 *(.gnu.linkonce.h.*)
                0x3ffe9c18                __XT_EXCEPTION_DESCS_END__ = ABSOLUTE (.)
 *(.xt_except_desc_end)
 *(.dynamic)
 *(.gnu.version_d)
                0x3ffe9c18                . = ALIGN (0x4)
                0x3ffe9c18                _bss_table_start = ABSOLUTE (.)
                0x3ffe9c18        0x4 LONG 0x3ffe9c20 _bss_start
                0x3ffe9c1c        0x4 LONG 0x3fff07f8 _bss_end
                0x3ffe9c20                _bss_table_end = ABSOLUTE (.)
                0x3ffe9c20                _rodata_end = ABSOLUTE (.)

.bss            0x3ffe9c20     0x6bd8
                0x3ffe9c20                . = ALIGN (0x8)
                0x3ffe9c20                _bss_start = ABSOLUTE (.)
 *(.dynsbss)
 *(.sbss)
 *(.sbss.*)
 *(.gnu.linkonce.sb.*)
 *(.scommon)
 *(.sbss2)
 *(.sbss2.*)
 *(.gnu.linkonce.sb2.*)
 *(.dynbss)
 *(.bss)
 .bss           0x3ffe9c20      0x1c0 c:/Espressif/ESP8266_SDK/lib\libmain.a(nmi-vector.o)
 .bss           0x3ffe9de0       0x41 c:/Espressif/ESP8266_SDK/lib\libmain.a(app_main.o)
                0x3ffe9de4                info
                0x3ffe9e08                lwip_timer_interval
                0x3ffe9e0c                check_timeouts_timer
                0x3ffe9e20                user_init_flag
 *fill*         0x3ffe9e21        0xf 
 .bss           0x3ffe9e30       0x30 c:/Espressif/ESP8266_SDK/lib\libmain.a(ets_timer.o)
                0x3ffe9e30                timer_list
                0x3ffe9e34                debug_timer
                0x3ffe9e38                debug_timerfn
 .bss           0x3ffe9e60       0x3c c:/Espressif/ESP8266_SDK/lib\libmain.a(mem_manager.o)
 .bss           0x3ffe9e9c        0x4 c:/Espressif/ESP8266_SDK/lib\libmain.a(spi_flash.o)
                0x3ffe9e9c                flash_read
 .bss           0x3ffe9ea0      0x242 c:/Espressif/ESP8266_SDK/lib\libmain.a(user_interface.o)
                0x3ffe9f97                deep_sleep_flag
                0x3ffe9f98                cpu_overclock
                0x3ffe9f9c                event_cb
                0x3ffe9fa0                status_led_output_level
                0x3ffe9fa4                done_cb
                0x3ffe9fa8                rst_if
                0x3ffe9fc4                default_interface
                0x3ffe9fc5                OpmodChgIsOnGoing
                0x3ffe9fc8                promiscuous_cb
                0x3ffe9fe0                event_TaskQueue
 *fill*         0x3ffea0e2        0x2 
 .bss           0x3ffea0e4        0xc c:/Espressif/ESP8266_SDK/lib\libmain.a(eagle_lwip_if.o)
                0x3ffea0e4                hostname
 .bss           0x3ffea0f0        0x4 c:/Espressif/ESP8266_SDK/lib\libphy.a(phy.o)
 .bss           0x3ffea0f4        0x2 c:/Espressif/ESP8266_SDK/lib\libphy.a(phy_chip_v6_ana.o)
                0x3ffea0f4                tout_dis_txpwr_track
                0x3ffea0f5                sleep_mode_flag
 *fill*         0x3ffea0f6        0x2 
 .bss           0x3ffea0f8      0x160 c:/Espressif/ESP8266_SDK/lib\libphy.a(phy_chip_v6.o)
                0x3ffea0f8                g_phyFuns
                0x3ffea0fc                rxiq_compute_num
                0x3ffea100                rx_table_renew_en
                0x3ffea104                check_result
                0x3ffea108                chip6_sleep_params
                0x3ffea19c                chip6_phy_init_ctrl
                0x3ffea210                phy_freq_offset
                0x3ffea212                do_pwctrl_flag
                0x3ffea213                pwctrl_debug
                0x3ffea214                txbk_dpdby_flag
                0x3ffea216                sw_scan_mode
                0x3ffea217                rxmax_ext_level
                0x3ffea218                phy_rx_gain_dc_table
                0x3ffea22c                periodic_cal_dc_num
                0x3ffea230                periodic_cal_flag
                0x3ffea231                bbpll_cal_flag
                0x3ffea232                phy_in_most_power
                0x3ffea233                init_rf_no_cal
                0x3ffea234                test_print_time
                0x3ffea238                phy_rx_gain_dc_flag
                0x3ffea239                phy_in_vdd33_offset
                0x3ffea23a                phy_set_most_tpw_disbg
                0x3ffea23b                phy_set_most_tpw_index
                0x3ffea23c                adc_rand_noise
                0x3ffea240                dpd_bypass_original
                0x3ffea248                noise_array
 .bss           0x3ffea258        0x8 c:/Espressif/ESP8266_SDK/lib\libphy.a(phy_chip_v6_cal.o)
                0x3ffea258                phy_tx_power_out
                0x3ffea25a                loop_pwctrl_pwdet_error_accum_high_power
                0x3ffea25c                tx_pwctrl_pk_num
                0x3ffea25d                tx_pwctrl_track_num
                0x3ffea25e                loop_pwctrl_correct_atten_high_power
                0x3ffea25f                rxiq_cover_fail_num
 .bss           0x3ffea260        0x7 c:/Espressif/ESP8266_SDK/lib\libphy.a(phy_sleep.o)
                0x3ffea260                periodic_cal_sat
                0x3ffea262                lslp_mem_opt_8266
                0x3ffea264                software_slp_reject
                0x3ffea265                SDIO_slp_reject
                0x3ffea266                hardware_reject
 *fill*         0x3ffea267        0x9 
 .bss           0x3ffea270       0x40 c:/Espressif/ESP8266_SDK/lib\libpp.a(if_hwctrl.o)
                0x3ffea270                interface_mask
                0x3ffea290                if_ctrl
 .bss           0x3ffea2b0      0x150 c:/Espressif/ESP8266_SDK/lib\libpp.a(lmac.o)
                0x3ffea2b4                lmacConfMib
 .bss           0x3ffea400      0x11a c:/Espressif/ESP8266_SDK/lib\libpp.a(pm.o)
                0x3ffea400                pmc
                0x3ffea4e0                flash_tmp
 *fill*         0x3ffea51a        0x2 
 .bss           0x3ffea51c       0x34 c:/Espressif/ESP8266_SDK/lib\libpp.a(pm_for_bcn_only_mode.o)
 .bss           0x3ffea550      0x322 c:/Espressif/ESP8266_SDK/lib\libpp.a(pp.o)
                0x3ffea568                pend_flag_noise_check
                0x3ffea570                pend_flag_periodic_cal
                0x3ffea588                idle_timer_reopen_flag
                0x3ffea58a                dbg_stop_sw_wdt
                0x3ffea58b                dbg_stop_hw_wdt
                0x3ffea58d                total_buffed_eb_num
                0x3ffea590                HighestFreqOffsetInOneChk
                0x3ffea592                LowestFreqOffsetInOneChk
                0x3ffea594                DefFreqCalTimer
                0x3ffea5a8                PktNumInOneChk
                0x3ffea730                buffed_eb_arr
 *fill*         0x3ffea872        0xe 
 .bss           0x3ffea880      0x100 c:/Espressif/ESP8266_SDK/lib\libpp.a(rate_control.o)
 .bss           0x3ffea980      0x46c c:/Espressif/ESP8266_SDK/lib\libpp.a(trc.o)
 *fill*         0x3ffeadec        0x4 
 .bss           0x3ffeadf0     0x2f88 c:/Espressif/ESP8266_SDK/lib\libpp.a(wdev.o)
                0x3ffeadf0                wDevCtrl
                0x3ffeaf98                WdevTimOffSet
 *fill*         0x3ffedd78        0x8 
 .bss           0x3ffedd80      0xac4 c:/Espressif/ESP8266_SDK/lib\libpp.a(esf_buf.o)
 .bss           0x3ffee844      0x67c c:/Espressif/ESP8266_SDK/lib\libnet80211.a(ieee80211.o)
                0x3ffee844                g_ic
 .bss           0x3ffeeec0       0x56 c:/Espressif/ESP8266_SDK/lib\libnet80211.a(ieee80211_hostap.o)
                0x3ffeeec0                BcnEb_update
                0x3ffeeecd                BcnWithMcastSendStart
                0x3ffeeece                BcnWithMcastSendCnt
                0x3ffeeee8                PendFreeBcnEb
                0x3ffeeeec                ApFreqCalTimer
                0x3ffeef00                APRecvBcnStartTick
 *fill*         0x3ffeef16        0x2 
 .bss           0x3ffeef18       0xc8 c:/Espressif/ESP8266_SDK/lib\libnet80211.a(ieee80211_scan.o)
                0x3ffeef18                gScanStruct
                0x3ffeefc4                connect_scan_flag
                0x3ffeefc5                FreqCalCntForScan
                0x3ffeefc6                TestStaFreqCalValInput
                0x3ffeefc8                auth_type
                0x3ffeefca                scannum
 .bss           0x3ffeefe0       0x10 c:/Espressif/ESP8266_SDK/lib\libnet80211.a(ieee80211_sta.o)
 .bss           0x3ffeeff0       0x3c c:/Espressif/ESP8266_SDK/lib\libnet80211.a(wl_chm.o)
 *fill*         0x3ffef02c        0x4 
 .bss           0x3ffef030      0x37a c:/Espressif/ESP8266_SDK/lib\libnet80211.a(wl_cnx.o)
                0x3ffef390                sta_con_timer
                0x3ffef3a4                g_cnx_probe_rc_list_cb
                0x3ffef3a8                reconnect_flag
                0x3ffef3a9                no_ap_found_index
 *fill*         0x3ffef3aa        0x2 
 .bss           0x3ffef3ac       0x10 c:/Espressif/ESP8266_SDK/lib\libnet80211.a(ieee80211_action_vendor.o)
 *fill*         0x3ffef3bc        0x4 
 .bss           0x3ffef3c0       0x38 c:/Espressif/ESP8266_SDK/lib\liblwip.a(dhcp.o)
                0x3ffef3c0                dhcp_rx_options_given
                0x3ffef3d0                dhcp_rx_options_val
 .bss           0x3ffef3f8       0x28 c:/Espressif/ESP8266_SDK/lib\liblwip.a(dhcpserver.o)
 .bss           0x3ffef420      0x480 c:/Espressif/ESP8266_SDK/lib\liblwip.a(dns.o)
 .bss           0x3ffef8a0       0x78 c:/Espressif/ESP8266_SDK/lib\liblwip.a(espconn_tcp.o)
                0x3ffef8a0                espconn_TaskQueue
 *fill*         0x3ffef918        0x8 
 .bss           0x3ffef920      0x100 c:/Espressif/ESP8266_SDK/lib\liblwip.a(etharp.o)
                0x3ffef924                ethzero
 .bss           0x3ffefa20       0x10 c:/Espressif/ESP8266_SDK/lib\liblwip.a(ip_addr.o)
 .bss           0x3ffefa30       0x12 c:/Espressif/ESP8266_SDK/lib\liblwip.a(ip.o)
                0x3ffefa30                current_iphdr_dest
                0x3ffefa34                current_iphdr_src
                0x3ffefa38                current_netif
                0x3ffefa3c                current_header
 *fill*         0x3ffefa42        0x2 
 .bss           0x3ffefa44        0x9 c:/Espressif/ESP8266_SDK/lib\liblwip.a(netif.o)
                0x3ffefa44                netif_list
                0x3ffefa48                netif_default
 *fill*         0x3ffefa4d        0x3 
 .bss           0x3ffefa50        0x4 c:/Espressif/ESP8266_SDK/lib\liblwip.a(raw.o)
 .bss           0x3ffefa54       0x34 c:/Espressif/ESP8266_SDK/lib\liblwip.a(tcp_in.o)
                0x3ffefa84                tcp_input_pcb
 .bss           0x3ffefa88       0x1c c:/Espressif/ESP8266_SDK/lib\liblwip.a(tcp.o)
                0x3ffefa8c                tcp_active_pcbs
                0x3ffefa90                tcp_tmp_pcb
                0x3ffefa94                tcp_tw_pcbs
                0x3ffefa98                tcp_bound_pcbs
                0x3ffefa9c                tcp_listen_pcbs
                0x3ffefaa0                tcp_ticks
 .bss           0x3ffefaa4        0xc c:/Espressif/ESP8266_SDK/lib\liblwip.a(timers.o)
 .bss           0x3ffefab0        0x4 c:/Espressif/ESP8266_SDK/lib\liblwip.a(udp.o)
                0x3ffefab0                udp_pcbs
 *fill*         0x3ffefab4        0xc 
 .bss           0x3ffefac0      0x104 c:/Espressif/ESP8266_SDK/lib\liblwip.a(espconn.o)
                0x3ffefac0                plink_active
                0x3ffefac4                pserver_list
                0x3ffefad0                premot
                0x3ffefb90                pktinfo
 .bss           0x3ffefbc4        0xc c:/Espressif/ESP8266_SDK/lib\liblwip.a(igmp.o)
 .bss           0x3ffefbd0      0x26a c:/Espressif/ESP8266_SDK/lib\libwpa.a(wpa.o)
 *fill*         0x3ffefe3a        0x6 
 .bss           0x3ffefe40        0x8 c:/Espressif/ESP8266_SDK/lib\libnet80211.a(ieee80211_crypto_tkip.o)
 *(.bss.*)
 .bss._ZL5ESP01
                0x3ffefe48       0x30 c:/tools/sming/Sming/compiler/lib/\libsming.a(user_main.o)
 .bss._ZL11INADDR_NONE
                0x3ffefe78        0x8 c:/tools/sming/Sming/compiler/lib/\libsming.a(user_main.o)
 .bss.System    0x3ffefe80       0x2c c:/tools/sming/Sming/compiler/lib/\libsming.a(System.o)
                0x3ffefe80                System
 .bss._ZL5ESP01
                0x3ffefeac       0x30 c:/tools/sming/Sming/compiler/lib/\libsming.a(m_printf.o)
 .bss._ZL11INADDR_NONE
                0x3ffefedc        0x8 c:/tools/sming/Sming/compiler/lib/\libsming.a(m_printf.o)
 .bss._ZL5ESP01
                0x3ffefee4       0x30 c:/tools/sming/Sming/compiler/lib/\libsming.a(IPAddress.o)
 .bss._ZL11INADDR_NONE
                0x3ffeff14        0x8 c:/tools/sming/Sming/compiler/lib/\libsming.a(Print.o)
 .bss._ZZN6StringixEjE19dummy_writable_char
                0x3ffeff1c        0x1 c:/tools/sming/Sming/compiler/lib/\libsming.a(WString.o)
 *fill*         0x3ffeff1d        0x3 
 .bss._ZL11INADDR_NONE
                0x3ffeff20        0x8 c:/tools/sming/Sming/compiler/lib/\libsming.a(WString.o)
 .bss._delegateFunctionList
                0x3ffeff28       0x40 c:/tools/sming/Sming/compiler/lib/\libsming.a(Interrupts.o)
                0x3ffeff28                _delegateFunctionList
 .bss._ZL11INADDR_NONE
                0x3ffeff68        0x8 c:/tools/sming/Sming/compiler/lib/\libsming.a(Interrupts.o)
 .bss._ZL11INADDR_NONE
                0x3ffeff70        0x8 c:/tools/sming/Sming/compiler/lib/\libsming.a(Digital.o)
 .bss.mqtt      0x3ffeff78      0x4c0 out/build/app_app.a(application.o)
                0x3ffeff78                mqtt
 .bss.procTimer
                0x3fff0438       0x30 out/build/app_app.a(application.o)
                0x3fff0438                procTimer
 .bss.display   0x3fff0468       0x38 out/build/app_app.a(application.o)
                0x3fff0468                display
 .bss._ZL5ESP01
                0x3fff04a0       0x30 out/build/app_app.a(application.o)
 .bss._ZL11INADDR_NONE
                0x3fff04d0        0x8 out/build/app_app.a(application.o)
 .bss.Serial    0x3fff04d8       0x18 c:/tools/sming/Sming/compiler/lib/\libsming.a(HardwareSerial.o)
                0x3fff04d8                Serial
 .bss._ZN14HardwareSerial10memberDataE
                0x3fff04f0       0x18 c:/tools/sming/Sming/compiler/lib/\libsming.a(HardwareSerial.o)
                0x3fff04f0                HardwareSerial::memberData
 .bss._ZL11INADDR_NONE
                0x3fff0508        0x8 c:/tools/sming/Sming/compiler/lib/\libsming.a(HardwareSerial.o)
 .bss._ZL5ESP01
                0x3fff0510       0x30 c:/tools/sming/Sming/compiler/lib/\libsming.a(MqttClient.o)
 .bss._ZL11INADDR_NONE
                0x3fff0540        0x8 c:/tools/sming/Sming/compiler/lib/\libsming.a(MqttClient.o)
 .bss._ZL11INADDR_NONE
                0x3fff0548        0x8 c:/tools/sming/Sming/compiler/lib/\libsming.a(TcpClient.o)
 .bss._ZL11INADDR_NONE
                0x3fff0550        0x8 c:/tools/sming/Sming/compiler/lib/\libsming.a(TcpConnection.o)
 .bss.WifiAccessPoint
                0x3fff0558        0x8 c:/tools/sming/Sming/compiler/lib/\libsming.a(AccessPoint.o)
                0x3fff0558                WifiAccessPoint
 .bss._ZL5ESP01
                0x3fff0560       0x30 c:/tools/sming/Sming/compiler/lib/\libsming.a(AccessPoint.o)
 .bss._ZL11INADDR_NONE
                0x3fff0590        0x8 c:/tools/sming/Sming/compiler/lib/\libsming.a(AccessPoint.o)
 .bss.WifiStation
                0x3fff0598       0x24 c:/tools/sming/Sming/compiler/lib/\libsming.a(Station.o)
                0x3fff0598                WifiStation
 .bss._ZL5ESP01
                0x3fff05bc       0x30 c:/tools/sming/Sming/compiler/lib/\libsming.a(Station.o)
 .bss._ZL11INADDR_NONE
                0x3fff05ec        0x8 c:/tools/sming/Sming/compiler/lib/\libsming.a(Station.o)
 .bss.WDT       0x3fff05f4        0x8 c:/tools/sming/Sming/compiler/lib/\libsming.a(WDT.o)
                0x3fff05f4                WDT
 .bss._ZL11INADDR_NONE
                0x3fff05fc        0x8 c:/tools/sming/Sming/compiler/lib/\libsming.a(CommandExecutor.o)
 .bss.commandHandler
                0x3fff0604       0x1c c:/tools/sming/Sming/compiler/lib/\libsming.a(CommandHandler.o)
                0x3fff0604                commandHandler
 .bss._ZL11INADDR_NONE
                0x3fff0620        0x8 c:/tools/sming/Sming/compiler/lib/\libsming.a(CommandHandler.o)
 .bss._ZL11INADDR_NONE
                0x3fff0628        0x8 c:/tools/sming/Sming/compiler/lib/\libsming.a(CommandOutput.o)
 .bss._ZL5ESP01
                0x3fff0630       0x30 c:/tools/sming/Sming/compiler/lib/\libsming.a(Adafruit_GFX.o)
 .bss._ZL11INADDR_NONE
                0x3fff0660        0x8 c:/tools/sming/Sming/compiler/lib/\libsming.a(Adafruit_GFX.o)
 .bss._ZL5ESP01
                0x3fff0668       0x30 c:/tools/sming/Sming/compiler/lib/\libsming.a(Adafruit_SSD1306.o)
 .bss._ZL11INADDR_NONE
                0x3fff0698        0x8 c:/tools/sming/Sming/compiler/lib/\libsming.a(Adafruit_SSD1306.o)
 .bss._ZL11INADDR_NONE
                0x3fff06a0        0x8 c:/tools/sming/Sming/compiler/lib/\libsming.a(Clock.o)
 .bss._ZL11INADDR_NONE
                0x3fff06a8        0x8 c:/tools/sming/Sming/compiler/lib/\libsming.a(DataSourceStream.o)
 .bss.SPI       0x3fff06b0        0x1 c:/tools/sming/Sming/compiler/lib/\libsming.a(SPI.o)
                0x3fff06b0                SPI
 *fill*         0x3fff06b1        0x7 
 .bss.SystemClock
                0x3fff06b8       0x18 c:/tools/sming/Sming/compiler/lib/\libsming.a(SystemClock.o)
                0x3fff06b8                SystemClock
 .bss._ZL11INADDR_NONE
                0x3fff06d0        0x8 c:/tools/sming/Sming/compiler/lib/\libsming.a(SystemClock.o)
 .bss.Wire      0x3fff06d8       0x8c c:/tools/sming/Sming/compiler/lib/\libsming.a(Wire.o)
                0x3fff06d8                Wire
 .bss._ZL11INADDR_NONE
                0x3fff0764        0x8 c:/tools/sming/Sming/compiler/lib/\libsming.a(Wire.o)
 .bss._ZL11INADDR_NONE
                0x3fff076c        0x8 c:/tools/sming/Sming/compiler/lib/\libsming.a(WebSocket.o)
 .bss.RTC       0x3fff0774        0x1 c:/tools/sming/Sming/compiler/lib/\libsming.a(RTC.o)
                0x3fff0774                RTC
 *fill*         0x3fff0775        0x3 
 .bss._ZN11ArduinoJson10JsonObject8_invalidE
                0x3fff0778        0x8 c:/tools/sming/Sming/compiler/lib/\libsming.a(ArduinoJson.o)
                0x3fff0778                ArduinoJson::JsonObject::_invalid
 .bss._ZN11ArduinoJson9JsonArray8_invalidE
                0x3fff0780        0x8 c:/tools/sming/Sming/compiler/lib/\libsming.a(ArduinoJson.o)
                0x3fff0780                ArduinoJson::JsonArray::_invalid
 .bss._ZL11INADDR_NONE
                0x3fff0788        0x8 c:/tools/sming/Sming/compiler/lib/\libsming.a(CommandDelegate.o)
 .bss._ZL5ESP01
                0x3fff0790       0x30 c:/tools/sming/Sming/compiler/lib/\libsming.a(DateTime.o)
 .bss._ZL11INADDR_NONE
                0x3fff07c0        0x8 c:/tools/sming/Sming/compiler/lib/\libsming.a(DateTime.o)
 .bss._ZL11INADDR_NONE
                0x3fff07c8        0x8 c:/tools/sming/Sming/compiler/lib/\libsming.a(I2cMaster.o)
 .bss._ZL11INADDR_NONE
                0x3fff07d0        0x8 c:/tools/sming/Sming/compiler/lib/\libsming.a(HttpRequest.o)
 .bss._ZL11INADDR_NONE
                0x3fff07d8        0x8 c:/tools/sming/Sming/compiler/lib/\libsming.a(HttpResponse.o)
 .bss._ZL11INADDR_NONE
                0x3fff07e0        0x8 c:/tools/sming/Sming/compiler/lib/\libsming.a(HttpServer.o)
 .bss._ZL11INADDR_NONE
                0x3fff07e8        0x8 c:/tools/sming/Sming/compiler/lib/\libsming.a(HttpServerConnection.o)
 .bss._ZL11INADDR_NONE
                0x3fff07f0        0x8 c:/tools/sming/Sming/compiler/lib/\libsming.a(TcpServer.o)
 *(.gnu.linkonce.b.*)
 *(COMMON)
                0x3fff07f8                . = ALIGN (0x8)
                0x3fff07f8                _bss_end = ABSOLUTE (.)
                0x3fff07f8                _heap_start = ABSOLUTE (.)

.irom0.text     0x40209000    0x3442e
                0x40209000                _irom0_text_start = ABSOLUTE (.)
 *(.irom0.literal .irom.literal .irom.text.literal .irom0.text .irom.text)
 .irom0.text    0x40209000      0xa1d c:/Espressif/ESP8266_SDK/lib\libmain.a(app_main.o)
                                0xc31 (size before relaxing)
                0x402091e8                wdt_init
                0x40209290                user_uart_wait_tx_fifo_empty
                0x40209544                user_rf_pre_init
 *fill*         0x40209a1d        0x3 
 .irom0.text    0x40209a20      0x186 c:/Espressif/ESP8266_SDK/lib\libmain.a(ets_timer.o)
                                0x1b2 (size before relaxing)
                0x40209a28                ets_timer_done
                0x40209a74                ets_timer_handler_isr
                0x40209b44                ets_timer_init
 *fill*         0x40209ba6        0x2 
 .irom0.text    0x40209ba8       0xec c:/Espressif/ESP8266_SDK/lib\libmain.a(mem_manager.o)
                                 0xf8 (size before relaxing)
                0x40209ba8                check_memleak_debug_enable
                0x40209c14                xPortGetFreeHeapSize
                0x40209c1c                vPortInitialiseBlocks
 .irom0.text    0x40209c94     0x3429 c:/Espressif/ESP8266_SDK/lib\libmain.a(user_interface.o)
                               0x3e31 (size before relaxing)
                0x40209c98                system_set_os_print
                0x40209ca8                system_get_os_print
                0x40209e70                system_pp_recycle_rx_pkt
                0x40209e84                system_adc_read
                0x40209e9c                system_get_vdd33
                0x40209eb4                system_restart_hook
                0x40209ecc                system_restart_local
                0x40209fac                system_restart
                0x4020a008                system_restore
                0x4020a070                system_get_flash_size_map
                0x4020a090                system_get_boot_version
                0x4020a0c8                system_get_test_result
                0x4020a0f0                system_get_userbin_addr
                0x4020a188                system_get_boot_mode
                0x4020a1b8                system_restart_enhance
                0x4020a2e8                system_upgrade_userbin_set
                0x4020a334                system_upgrade_userbin_check
                0x4020a374                system_upgrade_flag_set
                0x4020a388                system_upgrade_flag_check
                0x4020a3b0                system_upgrade_reboot
                0x4020a4e4                system_deep_sleep_instant
                0x4020a67c                system_deep_sleep
                0x4020a6dc                system_deep_sleep_set_option
                0x4020a6f8                system_phy_temperature_alert
                0x4020a70c                system_phy_set_max_tpw
                0x4020a720                system_phy_set_tpw_via_vdd33
                0x4020a734                system_phy_set_rfoption
                0x4020a748                system_phy_set_powerup_option
                0x4020a760                system_update_cpu_freq
                0x4020a7bc                system_get_cpu_freq
                0x4020a7d4                system_overclock
                0x4020a800                system_restoreclock
                0x4020a830                system_timer_reinit
                0x4020a848                system_relative_time
                0x4020a86c                system_station_got_ip_set
                0x4020a998                system_print_meminfo
                0x4020a9f8                system_get_free_heap_size
                0x4020aa10                system_get_chip_id
                0x4020aa34                system_rtc_clock_cali_proc
                0x4020aa48                system_get_rtc_time
                0x4020aa5c                system_mktime
                0x4020ab2c                system_init_done_cb
                0x4020ab34                system_get_rst_info
                0x4020ab3c                system_get_data_of_array_8
                0x4020ab60                system_get_data_of_array_16
                0x4020ab88                system_get_string_from_flash
                0x4020abf4                wifi_softap_dhcps_start
                0x4020ac3c                wifi_softap_dhcps_stop
                0x4020ac7c                wifi_softap_dhcps_status
                0x4020ac84                wifi_station_dhcpc_start
                0x4020acdc                wifi_station_dhcpc_stop
                0x4020ad1c                wifi_station_dhcpc_event
                0x4020ad90                wifi_station_dhcpc_set_maxtry
                0x4020ada0                wifi_station_dhcpc_status
                0x4020ae18                wifi_get_opmode
                0x4020ae2c                wifi_get_opmode_default
                0x4020aea8                wifi_get_broadcast_if
                0x4020aee4                wifi_set_broadcast_if
                0x4020b044                wifi_set_opmode
                0x4020b058                wifi_set_opmode_current
                0x4020b06c                system_get_checksum
                0x4020b0ac                wifi_param_save_protect_with_check
                0x4020b140                system_param_save_with_protect
                0x4020b1e8                system_save_sys_param
                0x4020b214                system_param_load
                0x4020b34c                wifi_station_get_config
                0x4020b360                wifi_station_get_config_default
                0x4020b380                wifi_station_get_ap_info
                0x4020b438                wifi_station_ap_number_set
                0x4020b79c                wifi_station_set_config
                0x4020b7b4                wifi_station_set_config_current
                0x4020b7cc                wifi_station_restore_config
                0x4020b7e4                wifi_station_get_current_ap_id
                0x4020b7f8                wifi_station_ap_check
                0x4020b840                wifi_station_ap_change
                0x4020b96c                wifi_station_scan
                0x4020b9b8                wifi_station_get_auto_connect
                0x4020b9cc                wifi_station_set_auto_connect
                0x4020ba1c                wifi_station_save_pmk2cache
                0x4020bad0                wifi_station_connect
                0x4020bb64                wifi_station_disconnect
                0x4020bc24                wifi_station_get_connect_status
                0x4020bc54                wifi_station_set_reconnect_policy
                0x4020bc6c                wifi_station_get_reconnect_policy
                0x4020bc74                wifi_station_get_rssi
                0x4020bcc4                wifi_station_set_default_hostname
                0x4020bd2c                wifi_station_get_hostname
                0x4020bd5c                wifi_station_set_hostname
                0x4020bdfc                wifi_softap_cacl_mac
                0x4020be6c                wifi_softap_set_default_ssid
                0x4020c04c                wifi_softap_get_config
                0x4020c060                wifi_softap_get_config_default
                0x4020c3b4                wifi_softap_set_config
                0x4020c3c8                wifi_softap_set_config_current
                0x4020c3dc                wifi_softap_set_station_info
                0x4020c448                wifi_softap_get_station_info
                0x4020c4f8                wifi_softap_free_station_info
                0x4020c540                wifi_softap_get_station_num
                0x4020c594                wifi_softap_deauth
                0x4020c644                wifi_softap_get_beacon_only_mode
                0x4020c658                wifi_softap_set_beacon_only_mode
                0x4020c6bc                wifi_register_user_ie_manufacturer_recv_cb
                0x4020c6d0                wifi_unregister_user_ie_manufacturer_recv_cb
                0x4020c704                wifi_set_user_ie
                0x4020c814                wifi_get_user_ie
                0x4020c848                wifi_get_phy_mode
                0x4020c850                wifi_set_phy_mode
                0x4020c918                wifi_set_sleep_type
                0x4020c934                wifi_get_sleep_type
                0x4020c94c                wifi_get_channel
                0x4020c964                wifi_set_channel
                0x4020c9a8                wifi_promiscuous_set_mac
                0x4020ca08                wifi_promiscuous_enable
                0x4020caec                wifi_set_promiscuous_rx_cb
                0x4020cafc                wifi_get_ip_info
                0x4020cb7c                wifi_set_ip_info
                0x4020cbf0                wifi_get_macaddr
                0x4020cc50                wifi_set_macaddr
                0x4020cd6c                wifi_enable_6m_rate
                0x4020cd74                wifi_get_user_fixed_rate
                0x4020cd94                wifi_set_user_fixed_rate
                0x4020cdb4                wifi_set_user_sup_rate
                0x4020cdf0                wifi_set_user_rate_limit
                0x4020ce14                wifi_get_user_limit_rate_mask
                0x4020ce1c                wifi_set_user_limit_rate_mask
                0x4020ce34                wifi_register_send_pkt_freedom_cb
                0x4020ce48                wifi_unregister_send_pkt_freedom_cb
                0x4020ce54                wifi_send_pkt_freedom
                0x4020cea0                wifi_rfid_locp_recv_open
                0x4020ceb4                wifi_rfid_locp_recv_close
                0x4020cec8                wifi_register_rfid_locp_recv_cb
                0x4020cedc                wifi_unregister_rfid_locp_recv_cb
                0x4020cef4                wifi_status_led_install
                0x4020cf28                wifi_status_led_uninstall
                0x4020cf4c                wifi_set_status_led_output_level
                0x4020cfa0                wifi_set_event_handler_cb
                0x4020cfe8                system_os_task
                0x4020d024                system_uart_swap
                0x4020d084                system_uart_de_swap
                0x4020d0b8                system_get_sdk_version
 *fill*         0x4020d0bd        0x3 
 .irom0.text    0x4020d0c0      0x610 c:/Espressif/ESP8266_SDK/lib\libmain.a(eagle_lib.o)
                                0x620 (size before relaxing)
                0x4020d0c4                divide
                0x4020d100                skip_atoi
                0x4020d280                ets_vsnprintf
                0x4020d5e0                ets_vsprintf
                0x4020d604                ets_sprintf
                0x4020d62c                ets_strcat
                0x4020d64c                ets_strrchr
                0x4020d678                ets_strchr
                0x4020d690                bit_popcount
                0x4020d6ac                ets_snprintf
 .irom0.text    0x4020d6d0      0x2f6 c:/Espressif/ESP8266_SDK/lib\libmain.a(eagle_lwip_if.o)
                                0x3b2 (size before relaxing)
                0x4020d788                eagle_lwip_if_alloc
                0x4020d938                eagle_lwip_if_free
                0x4020d9a4                eagle_lwip_getif
 *fill*         0x4020d9c6        0x2 
 .irom0.literal
                0x4020d9c8        0x0 c:/tools/sming/Sming/compiler/lib/\libmicroc.a(strchr.o)
                                  0x4 (size before relaxing)
 .irom0.literal
                0x4020d9c8        0xc c:/tools/sming/Sming/compiler/lib/\libmicroc.a(strchrnul.o)
 .irom0.literal
                0x4020d9d4        0x4 c:/tools/sming/Sming/compiler/lib/\libmicroc.a(malloc.o)
                                 0x14 (size before relaxing)
 .irom0.literal
                0x4020d9d8        0x4 c:/tools/sming/Sming/compiler/lib/\libmicroc.a(abort.o)
                                  0x8 (size before relaxing)
 .irom0.literal
                0x4020d9dc        0x8 c:/tools/sming/Sming/compiler/lib/\libmicrogcc.a(_divsf3.o)
                                 0x10 (size before relaxing)
 .irom0.text    0x4020d9e4       0x25 c:/tools/sming/Sming/compiler/lib/\libmicroc.a(strchr.o)
                                 0x29 (size before relaxing)
                0x4020d9e4                strchr
 *fill*         0x4020da09        0x3 
 .irom0.text    0x4020da0c       0x75 c:/tools/sming/Sming/compiler/lib/\libmicroc.a(strchrnul.o)
                0x4020da0c                strchrnul
                0x4020da0c                __strchrnul
 *fill*         0x4020da81        0x3 
 .irom0.text    0x4020da84       0x65 c:/tools/sming/Sming/compiler/lib/\libmicroc.a(malloc.o)
                0x4020da84                malloc
                0x4020da98                free
                0x4020daac                realloc
                0x4020dac0                zalloc
                0x4020dad4                calloc
 *fill*         0x4020dae9        0x3 
 .irom0.text    0x4020daec       0x11 c:/tools/sming/Sming/compiler/lib/\libmicroc.a(abort.o)
                0x4020daec                abort
 *fill*         0x4020dafd        0x3 
 .irom0.text    0x4020db00       0xfa c:/Espressif/ESP8266_SDK/lib\libphy.a(phy.o)
                                0x11e (size before relaxing)
                0x4020db04                rf_init
                0x4020db20                bb_init
                0x4020db38                phy_init
                0x4020db68                RFChannelSel
                0x4020db84                phy_delete_channel
                0x4020db9c                phy_enable_agc
                0x4020dbb4                phy_disable_agc
                0x4020dbcc                phy_initialize_bb
                0x4020dbe4                phy_set_sense
 *fill*         0x4020dbfa        0x2 
 .irom0.text    0x4020dbfc     0x16f7 c:/Espressif/ESP8266_SDK/lib\libphy.a(phy_chip_v6_ana.o)
                               0x18e3 (size before relaxing)
                0x4020dc00                ram_pbus_set_rxgain
                0x4020dcd8                ram_pbus_debugmode
                0x4020dd8c                ram_pbus_xpd_tx_on
                0x4020ddf8                set_rf_freq_offset
                0x4020de6c                chip_v6_rxmax_ext_ana
                0x4020dfc0                ram_chip_v6_rx_init
                0x4020dff4                tsen_meas
                0x4020e0a4                readvdd33
                0x4020e270                txpwr_offset
                0x4020e32c                set_txcap_reg
                0x4020e3ac                ram_ana_inf_gating_en
                0x4020e50c                ram_restart_cal
                0x4020e578                wait_rfpll_cal_end
                0x4020e60c                ram_rfpll_set_freq
                0x4020e718                ram_set_channel_freq
                0x4020ea18                chip_60_set_channel
                0x4020eba8                chip_v6_set_chan_offset
                0x4020ebe4                chip_v6_set_chan
                0x4020ec78                chip_v6_set_chan_wakeup
                0x4020ecfc                chip_v6_rf_init
                0x4020ef20                low_power_set
                0x4020ef74                test_tout
                0x4020f0ec                check_data_flag
                0x4020f10c                phy_get_check_flag
                0x4020f240                phy_get_vdd33
 *fill*         0x4020f2f3        0x1 
 .irom0.text    0x4020f2f4     0x3c2f c:/Espressif/ESP8266_SDK/lib\libphy.a(phy_chip_v6.o)
                               0x4293 (size before relaxing)
                0x4020f2f4                ram_tx_mac_enable
                0x4020f2f8                ram_tx_mac_disable
                0x4020f2fc                rtc_mem_backup
                0x4020f32c                rtc_mem_recovery
                0x4020f35c                set_cal_rxdc
                0x4020f410                set_rx_gain_cal_iq
                0x4020f76c                gen_rx_gain_table
                0x4020f8c4                pbus_set_rxbbgain
                0x4020f944                set_rx_gain_testchip_50
                0x4020fc78                ram_get_corr_power
                0x4020fd68                check_data_func
                0x4020fd88                do_noisefloor_lsleep_v50
                0x4020fdbc                do_noisefloor
                0x4020fe2c                start_dig_rx
                0x4020fe70                stop_dig_rx
                0x4020fe9c                chip_v6_set_chanfreq
                0x4020fec8                tx_cap_init
                0x4021007c                target_power_add_backoff
                0x402100cc                tx_pwctrl_init_cal
                0x40210234                tx_atten_set_interp
                0x402104a4                tx_pwctrl_init
                0x40210598                ram_get_noisefloor
                0x402105b4                get_noisefloor_sat
                0x402105e4                ram_set_noise_floor
                0x40210640                ram_start_noisefloor
                0x4021068c                read_hw_noisefloor
                0x402106b8                noise_check_loop
                0x40210814                noise_init
                0x40210a14                target_power_backoff
                0x40210a68                sdt_on_noise_start
                0x40210ae8                chip_v6_set_chan_rx_cmp
                0x40210c74                chip_v6_set_chan_misc
                0x40210d08                phy_dig_spur_set
                0x40211060                phy_dig_spur_prot
                0x40211298                chip_v6_rxmax_ext_dig
                0x402112e4                chip_v6_rxmax_ext
                0x40211398                phy_bb_rx_cfg
                0x402117a0                uart_wait_idle
                0x402117d8                phy_pbus_soc_cfg
                0x40211898                phy_gpio_cfg
                0x40211be0                tx_cont_en
                0x40211c84                tx_cont_dis
                0x40211cd8                tx_cont_cfg
                0x40211cf8                chip_v6_initialize_bb
                0x40211e60                periodic_cal
                0x40211f40                bbpll_cal
                0x40211fd8                periodic_cal_top
                0x40212038                register_chipv6_phy_init_param
                0x402122dc                change_bbpll160_sleep
                0x40212408                change_bbpll160
                0x40212440                set_crystal_uart
                0x402124d8                ant_switch_init
                0x40212584                reduce_current_init
                0x402125ec                rtc_mem_check
                0x40212628                phy_afterwake_set_rfoption
                0x40212648                deep_sleep_set_option
                0x40212674                write_data_to_rtc
                0x402126ac                get_data_from_rtc
                0x40212734                register_chipv6_phy
                0x40212b44                set_dpd_bypass
                0x40212b6c                set_rf_gain_stage10
                0x40212b9c                get_vdd33_offset
                0x40212c10                get_phy_target_power
                0x40212cc4                set_most_pwr_reg
                0x40212d98                phy_set_most_tpw
                0x40212db8                phy_vdd33_set_tpw
                0x40212dd0                get_adc_rand
                0x40212e04                phy_get_rand
                0x40212e1c                phy_tx_pwctrl_cali
                0x40212e44                phy_check_data_table
                0x40212e80                phy_after_init_enrx
                0x40212ee4                phy_set_rx11b_reg
                0x40212f18                phy_set_powerup_option
 *fill*         0x40212f23        0x1 
 .irom0.text    0x40212f24     0x21ac c:/Espressif/ESP8266_SDK/lib\libphy.a(phy_chip_v6_cal.o)
                               0x23ec (size before relaxing)
                0x40212f24                txbbgain2dcoindex
                0x40212f44                dcoindex2txbbgain
                0x40212f68                init_cal_dcoffset
                0x4021302c                set_rfanagain_dc_reg
                0x402130c8                set_txdc_pbus
                0x40213134                get_rf_gain_qdb
                0x4021315c                correct_rf_ana_gain
                0x40213264                get_sar_dout
                0x402132fc                cal_rf_ana_gain
                0x402133d4                meas_tone_pwr_db
                0x40213444                tx_pwr_backoff
                0x40213590                get_fcc_1m2m_pwr_offset
                0x402135cc                ram_set_txbb_atten
                0x40213660                txiq_get_mis_pwr
                0x40213704                txiq_cover
                0x40213920                ram_rfcal_txiq
                0x40213b90                rc_cal
                0x40213d50                get_target_power_offset
                0x40213e58                get_pwctrl_correct
                0x40213eb4                tx_pwctrl_cal
                0x40214244                tx_pwctrl_bg_init
                0x402142bc                tx_pwctrl_background
                0x40214394                read_sar_dout
                0x402143f8                ram_get_fm_sar_dout
                0x4021449c                ram_cal_tos_v60
                0x4021467c                ram_get_bb_atten
                0x402146ac                ram_rfcal_txcap
                0x40214870                ram_rfcal_pwrctrl
                0x40214a8c                ram_rxiq_get_mis
                0x40214c5c                ram_rxiq_cover_mg_mp
                0x40214e00                ram_rfcal_rxiq
                0x4021500c                dpd_scale_set
                0x40215054                dpd_mem_write
 .irom0.text    0x402150d0      0xd82 c:/Espressif/ESP8266_SDK/lib\libphy.a(phy_sleep.o)
                                0xfaa (size before relaxing)
                0x402150d0                pm_usec2rtc
                0x40215104                pm_rtc2usec
                0x40215114                pm_set_sleep_cycles
                0x4021513c                pm_sleep_opt
                0x40215254                pm_wakeup_opt
                0x4021528c                get_chip_version
                0x402152cc                pm_sleep_opt_bb_off
                0x4021530c                pm_sleep_opt_bb_on
                0x40215358                pm_set_pll_xtal_wait_time
                0x402153a0                pm_prepare_to_sleep
                0x402153c4                pm_sdio_nidle
                0x40215438                chg_lslp_mem_opt_8266
                0x40215468                pm_goto_sleep
                0x402155b4                pm_wait4wakeup
                0x402155f0                pm_open_rf
                0x40215634                pm_sleep_set_mac
                0x402156b8                pm_set_wakeup_mac
                0x40215754                pm_check_mac_idle
                0x402157ac                pm_set_sleep_btco
                0x4021584c                pm_set_wakeup_btco
                0x40215964                pm_set_sleep_mode
                0x40215a80                pm_unmask_bt
                0x40215ae8                pm_wakeup_init
                0x40215cf8                sleep_opt_8266
                0x40215d18                sleep_opt_bb_on_8266
                0x40215d50                sleep_reset_analog_rtcreg_8266
 *fill*         0x40215e52        0x2 
 .irom0.text    0x40215e54      0x469 c:/Espressif/ESP8266_SDK/lib\libpp.a(if_hwctrl.o)
                                0x581 (size before relaxing)
                0x40215e74                ic_get_addr
                0x40215e80                ic_set_opmode
                0x40215e94                ic_enable_interface
                0x40215ee4                ic_interface_enabled
                0x40215ef8                ic_disable_interface
                0x40215f40                ic_is_pure_sta
                0x40215f5c                ic_get_ptk_alg
                0x40215f6c                ic_get_gtk_alg
                0x40215f7c                ic_set_ptk_alg
                0x40215f8c                ic_set_gtk_alg
                0x40215f9c                ic_interface_is_p2p
                0x40216034                ic_set_vif
                0x402160f4                ic_set_sta
                0x402161cc                ic_bss_info_update
                0x40216228                ic_set_key
                0x40216284                ic_remove_key
                0x40216298                ic_get_rssi
 *fill*         0x402162bd        0x3 
 .irom0.text    0x402162c0      0x100 c:/Espressif/ESP8266_SDK/lib\libpp.a(lmac.o)
                                0x118 (size before relaxing)
                0x402162c4                lmacInitAc
                0x402162f8                lmacInit
                0x402163a4                lmacSetRetryLimit
 .irom0.text    0x402163c0     0x1859 c:/Espressif/ESP8266_SDK/lib\libpp.a(pm.o)
                               0x1d41 (size before relaxing)
                0x402163c8                pm_rtc_clock_cali_proc
                0x40216400                pm_get_ck170_period
                0x40216424                pm_set_sleep_time
                0x40216788                pm_rf_is_closed
                0x402167b8                pm_set_sleep_type_from_upper
                0x402168a8                pm_get_sleep_type
                0x40216a2c                uart_tx_flush
                0x40216a30                pm_suspend
                0x40216c50                pm_shutdown
                0x40216d18                pm_reset_idle_sleep
                0x40216d58                pm_idle_sleep
                0x40216d64                pm_open
                0x40216e2c                pm_onBcnRx
                0x40217194                StopLightSleepSetFunc
                0x4021719c                LightSleepWakedCbSetFunc
                0x40217698                pm_enable_gpio_wakeup
                0x402176d0                pm_attach
                0x402177c4                pm_send_nullfunc
                0x40217950                pm_is_waked
                0x40217968                pm_is_open
                0x40217980                pm_scan_lock
                0x402179a8                pm_try_scan_unlock
                0x402179c0                pm_force_scan_unlock
                0x40217a3c                pm_scan_unlocked
                0x40217a50                pm_allow_tx
                0x40217a6c                pm_assoc_parse
                0x40217a84                pm_set_addr
                0x40217aa4                pm_sleep_for
                0x40217ad4                pm_post
                0x40217bd8                pm_get_idle_wait_time
 *fill*         0x40217c19        0x3 
 .irom0.text    0x40217c1c      0xa91 c:/Espressif/ESP8266_SDK/lib\libpp.a(pm_for_bcn_only_mode.o)
                                0xe21 (size before relaxing)
                0x40217c30                wifi_fpm_set_sleep_type
                0x40217c30                fpm_set_type_from_upper
                0x40217cec                fpm_get_slp_type
                0x40217cec                wifi_fpm_get_sleep_type
                0x40217cf4                fpm_rf_is_closed
                0x40217d08                fpm_is_open
                0x40217d14                fpm_allow_tx
                0x40217d38                fpm_close
                0x40217d38                wifi_fpm_close
                0x40217db4                fpm_open
                0x40217db4                wifi_fpm_open
                0x40217e1c                fpm_attach
                0x40218000                fpm_set_wakeup_cb
                0x40218000                wifi_fpm_set_wakeup_cb
                0x40218170                fpm_do_wakeup
                0x40218170                wifi_fpm_do_wakeup
                0x40218634                fpm_do_sleep
                0x40218634                wifi_fpm_do_sleep
 *fill*         0x402186ad        0x3 
 .irom0.text    0x402186b0     0x15b6 c:/Espressif/ESP8266_SDK/lib\libpp.a(pp.o)
                               0x1996 (size before relaxing)
                0x402186bc                PPWdtReset
                0x402186f0                pp_soft_wdt_init
                0x40218710                system_soft_wdt_feed
                0x40218710                pp_soft_wdt_feed
                0x4021872c                system_soft_wdt_stop
                0x4021872c                pp_soft_wdt_stop
                0x40218758                system_soft_wdt_restart
                0x40218758                pp_soft_wdt_restart
                0x40218790                RxNodeNum
                0x402187a8                TxNodeNum
                0x402187cc                pp_disable_noise_timer
                0x402187ec                pp_enable_noise_timer
                0x402188fc                pp_noise_test
                0x4021890c                reset_noise_timer
                0x40218944                pp_disable_idle_timer
                0x40218968                pp_enable_idle_timer
                0x40218990                pp_try_enable_idle_timer
                0x402189cc                ppPeocessRxPktHdr
                0x40218d14                HdlAllBuffedEb
                0x40218d9c                ppTxPkt
                0x40218f04                ppProcessWaitQ
                0x40218f14                ppRegisterTxCallback
                0x40218f3c                ppUnregisterTxCallback
                0x40218f70                ppRecycleRxPkt
                0x40218fd0                ppCheckTxIdle
                0x40219248                pp_tx_idle_timeout
                0x40219404                DefFreqCalTimerCB
                0x40219784                ppGetTxQFirstAvail_Locked
                0x40219864                pp_attach
 *fill*         0x40219c66        0x2 
 .irom0.text    0x40219c68      0x296 c:/Espressif/ESP8266_SDK/lib\libpp.a(rate_control.o)
                                0x2a2 (size before relaxing)
                0x40219eb4                RC_SetBasicRate
 *fill*         0x40219efe        0x2 
 .irom0.text    0x40219f00      0x5e9 c:/Espressif/ESP8266_SDK/lib\libpp.a(trc.o)
                                0x64d (size before relaxing)
                0x40219f00                phytype2mode
                0x40219f1c                rc_set_rate_limit_id
                0x4021a038                rcUpdatePhyMode
                0x4021a204                rcAttach
                0x4021a250                rcGetTrc
                0x4021a258                trc_onDisconnect
                0x4021a25c                trc_onScanStart
                0x4021a270                trc_onScanDone
                0x4021a28c                rc_enable_trc
                0x4021a364                rc_get_mask
                0x4021a378                rc_disable_trc
                0x4021a3cc                rc_disable_trc_by_interface
                0x4021a3e8                rc_get_sta_trc
                0x4021a42c                rc_get_trc
                0x4021a49c                rc_get_trc_by_index
                0x4021a4bc                rc_only_sta_trc
 *fill*         0x4021a4e9        0x3 
 .irom0.text    0x4021a4ec      0xaf7 c:/Espressif/ESP8266_SDK/lib\libpp.a(wdev.o)
                                0xc53 (size before relaxing)
                0x4021a4f8                wDev_Option_Init
                0x4021a5ec                wDev_Enable_Beacon_Tsf
                0x4021a608                wDev_Disable_Beacon_Tsf
                0x4021a624                wDev_Set_Beacon_Int
                0x4021a62c                wDev_Reset_TBTT
                0x4021a65c                wDev_Get_Next_TBTT
                0x4021a8d8                wDev_Initialize
                0x4021a948                wDevForceAck6M
                0x4021a964                wDev_SetMacAddress
                0x4021aa00                wDev_SetRxPolicy
                0x4021aa54                wDev_SetBssid
                0x4021ab2c                wDev_ClearBssid
                0x4021ab64                wDev_Insert_KeyEntry
                0x4021ac58                wDev_remove_KeyEntry
                0x4021ac94                wDev_remove_KeyEntry_all_cnx
                0x4021ace4                wDev_Crypto_Conf
                0x4021ad80                wDev_Crypto_Disable
                0x4021adb8                wDevEnableRx
                0x4021ade0                wdev_go_sniffer
                0x4021aebc                wdev_set_sniffer_addr
                0x4021af14                wdev_exit_sniffer
 *fill*         0x4021afe3        0x1 
 .irom0.text    0x4021afe4      0x3e6 c:/Espressif/ESP8266_SDK/lib\libpp.a(esf_buf.o)
                                0x4b2 (size before relaxing)
                0x4021afec                esf_buf_alloc
                0x4021b1d0                esf_buf_recycle
                0x4021b310                esf_buf_setup
 *fill*         0x4021b3ca        0x2 
 .irom0.text    0x4021b3cc      0x475 c:/Espressif/ESP8266_SDK/lib\libnet80211.a(ieee80211.o)
                                0x545 (size before relaxing)
                0x4021b450                ieee80211_rate_ref_init
                0x4021b464                ieee80211_freedom_inside_cb
                0x4021b494                ieee80211_freedom_init
                0x4021b4b8                ieee80211_user_ie_init
                0x4021b4d4                ieee80211_ifattach
                0x4021b538                ieee80211_mhz2ieee
                0x4021b594                ieee80211_chan2ieee
                0x4021b5b0                ieee80211_ieee2mhz
                0x4021b5f0                ieee80211_find_channel
                0x4021b61c                ieee80211_find_channel_byieee
                0x4021b66c                wifi_mode_set
 *fill*         0x4021b841        0x3 
 .irom0.text    0x4021b844       0xcf c:/Espressif/ESP8266_SDK/lib\libnet80211.a(ieee80211_crypto.o)
                                 0xd7 (size before relaxing)
                0x4021b844                ieee80211_crypto_attach
                0x4021b848                ieee80211_crypto_available
                0x4021b84c                ieee80211_crypto_setkey
                0x4021b850                ieee80211_crypto_encap
                0x4021b8a8                ieee80211_crypto_decap
 *fill*         0x4021b913        0x1 
 .irom0.text    0x4021b914       0x4c c:/Espressif/ESP8266_SDK/lib\libnet80211.a(ieee80211_ets.o)
                                 0x50 (size before relaxing)
                0x4021b918                ieee80211_getmgtframe
 .irom0.text    0x4021b960     0x1a08 c:/Espressif/ESP8266_SDK/lib\libnet80211.a(ieee80211_hostap.o)
                               0x1f77 (size before relaxing)
                0x4021bf84                ieee80211_hostap_attach
                0x4021c080                hostap_handle_timer
                0x4021c118                hostap_input
                0x4021d064                wifi_softap_start
                0x4021d1d0                wifi_softap_stop
 *fill*         0x4021d368        0x0 
 .irom0.text    0x4021d368      0xa82 c:/Espressif/ESP8266_SDK/lib\libnet80211.a(ieee80211_ht.o)
                                0xb4e (size before relaxing)
                0x4021d378                ieee80211_ht_attach
                0x4021d3cc                ieee80211_ht_node_init
                0x4021d40c                ieee80211_ht_node_cleanup
                0x4021d444                ieee80211_parse_htcap
                0x4021d528                ieee80211_ht_updateparams
                0x4021d63c                ieee80211_setup_htrates
                0x4021d708                ieee80211_setup_basic_htrates
                0x4021da54                ieee80211_add_htcap
                0x4021da70                ieee80211_add_htcap_vendor
                0x4021db94                ieee80211_add_htinfo
                0x4021dbb0                ieee80211_add_htinfo_vendor
 *fill*         0x4021ddea        0x2 
 .irom0.text    0x4021ddec      0xa8c c:/Espressif/ESP8266_SDK/lib\libnet80211.a(ieee80211_input.o)
                                0xb1c (size before relaxing)
                0x4021ddec                ieee80211_deliver_data
                0x4021de40                ieee80211_decap
                0x4021df44                ieee80211_setup_rates
                0x4021dfb4                ieee80211_alloc_challenge
                0x4021dff0                ieee80211_parse_beacon
                0x4021e5c4                ieee80211_parse_wpa
                0x4021e6d8                ieee80211_parse_rsn
                0x4021e7d8                ieee80211_parse_action
                0x4021e874                ieee80211_setup_rateset
 .irom0.text    0x4021e878      0x2a6 c:/Espressif/ESP8266_SDK/lib\libnet80211.a(ieee80211_mesh_quick.o)
                                0x302 (size before relaxing)
                0x4021e884                ieee80211_mesh_quick_init
                0x4021e8f4                ieee80211_mesh_quick_deinit
                0x4021e924                ieee80211_mesh_quick_set
                0x4021ea20                ieee80211_mesh_quick_get
                0x4021eaec                ieee80211_mesh_quick_ie_add
 *fill*         0x4021eb1e        0x2 
 .irom0.text    0x4021eb20     0x1c56 c:/Espressif/ESP8266_SDK/lib\libnet80211.a(ieee80211_output.o)
                               0x1ff2 (size before relaxing)
                0x4021eb24                ieee80211_output_pbuf
                0x4021ed98                ieee80211_send_setup
                0x4021eecc                ieee80211_mgmt_output
                0x4021efb0                ieee80211_tx_mgt_cb
                0x4021efb4                ieee80211_send_nulldata
                0x4021f424                ieee80211_add_rates
                0x4021f474                ieee80211_add_xrates
                0x4021f544                ieee80211_send_probereq
                0x4021f758                ieee80211_getcapinfo
                0x4021f7b4                ieee80211_send_mgmt
                0x4021fd54                ieee80211_alloc_proberesp
                0x4021ff2c                ieee80211_send_proberesp
                0x40220078                ieee80211_alloc_deauth
                0x402200b8                ieee80211_send_deauth
                0x402201f4                ieee80211_freedom_output
                0x402205e0                ieee80211_beacon_alloc
 *fill*         0x40220776        0x2 
 .irom0.text    0x40220778       0xe0 c:/Espressif/ESP8266_SDK/lib\libnet80211.a(ieee80211_phy.o)
                                0x108 (size before relaxing)
                0x40220778                ieee80211_phy_init
                0x402207ac                ieee80211_phy_type_get
                0x402207c8                ieee80211_setup_ratetable
 .irom0.text    0x40220858      0x1b6 c:/Espressif/ESP8266_SDK/lib\libnet80211.a(ieee80211_power.o)
                                0x1f2 (size before relaxing)
                0x40220858                ieee80211_psq_init
                0x40220878                ieee80211_psq_cleanup
                0x40220880                ieee80211_set_tim
                0x402208c0                ieee80211_pwrsave
                0x40220928                pwrsave_flushq
                0x402209d8                ieee80211_node_pwrsave
 *fill*         0x40220a0e        0x2 
 .irom0.text    0x40220a10      0x101 c:/Espressif/ESP8266_SDK/lib\libnet80211.a(ieee80211_proto.o)
                                0x129 (size before relaxing)
                0x40220a14                ieee80211_proto_attach
                0x40220a3c                ieee80211_set_shortslottime
                0x40220a58                ieee80211_iserp_rateset
                0x40220a8c                ieee80211_wme_initparams
                0x40220a90                ieee80211_wme_updateparams
                0x40220a98                ieee80211_mlme_connect_bss
 *fill*         0x40220b11        0x3 
 .irom0.text    0x40220b14       0xaa c:/Espressif/ESP8266_SDK/lib\libnet80211.a(ieee80211_rfid.o)
                                 0xd6 (size before relaxing)
                0x40220b14                ieee80211_rfid_locp_recv_open
                0x40220b4c                ieee80211_rfid_locp_recv_close
                0x40220b64                ieee80211_rfid_locp_recv_reset
                0x40220b84                ieee80211_rfid_locp_recv
                0x40220ba0                register_ieee80211_rfid_locp_recv_cb
                0x40220bb4                unregister_ieee80211_rfid_locp_recv_cb
 *fill*         0x40220bbe        0x2 
 .irom0.text    0x40220bc0      0xf50 c:/Espressif/ESP8266_SDK/lib\libnet80211.a(ieee80211_scan.o)
                               0x1284 (size before relaxing)
                0x40220bcc                ieee80211_scan_attach
                0x40220c60                scan_start
                0x40220e24                scan_pm_channel_op_cb
                0x40220fc4                scan_cancel
                0x40221120                scan_add_bssid
                0x40221144                scan_remove_bssid
                0x40221150                scan_hidden_ssid
                0x40221158                scan_add_probe_ssid
                0x402211ac                scan_remove_probe_ssid
                0x402212e8                scan_clear_channles
                0x4022135c                scan_set_desChan
                0x40221368                scan_get_type
                0x40221370                cannel_scan_connect_state
                0x40221388                scan_connect_state
                0x402213d0                scan_check_hidden
                0x402213fc                scan_profile_check
                0x402217a4                scan_parse_beacon
 .irom0.text    0x40221b10     0x104e c:/Espressif/ESP8266_SDK/lib\libnet80211.a(ieee80211_sta.o)
                               0x12dd (size before relaxing)
                0x40221b6c                sta_status_set
                0x40221bd8                ieee80211_sta_new_state
                0x40221f50                sta_input
                0x4022249c                ieee80211_parse_wmeparams
                0x40222ab4                wifi_station_start
                0x40222b24                wifi_station_stop
 *fill*         0x40222b5e        0x2 
 .irom0.text    0x40222b60      0x29e c:/Espressif/ESP8266_SDK/lib\libnet80211.a(wl_chm.o)
                                0x31e (size before relaxing)
                0x40222b6c                chm_init
                0x40222bd0                chm_acquire_lock
                0x40222c14                chm_release_lock
                0x40222c28                chm_start_op
                0x40222ccc                chm_end_op
                0x40222d14                chm_cancel_op
                0x40222d48                chm_return_home_channel
                0x40222d78                chm_set_current_channel
                0x40222da8                chm_freq2index
                0x40222dd0                chm_check_same_channel
 *fill*         0x40222dfe        0x2 
 .irom0.text    0x40222e00     0x1791 c:/Espressif/ESP8266_SDK/lib\libnet80211.a(wl_cnx.o)
                               0x1cfd (size before relaxing)
                0x40222e0c                cnx_attach
                0x40222e4c                cnx_sta_connect_led_timer_cb
                0x40222ea0                cnx_sta_connect_cmd
                0x40222f5c                cnx_sta_scan_cmd
                0x402231b8                cnx_connect_timeout
                0x40223234                cnx_auth_timeout
                0x40223258                cnx_assoc_timeout
                0x4022327c                cnx_handshake_timeout
                0x402232bc                cnx_start_handoff_cb
                0x4022371c                cnx_bss_alloc
                0x402237bc                cnx_rc_search
                0x4022383c                cnx_add_rc
                0x402238a8                cnx_remove_all_rc
                0x402238f4                cnx_remove_rc
                0x402239c4                cnx_rc_update_rssi
                0x40223a4c                cnx_rc_update_state_metric
                0x40223ab8                cnx_rc_update_age
                0x40223adc                cnx_update_bss
                0x40223b10                cnx_update_bss_more
                0x40223cec                cnx_sta_leave
                0x40223f80                cnx_sta_associated
                0x40224088                cnx_node_alloc
                0x402240fc                cnx_node_remove
                0x40224188                cnx_node_search
                0x40224204                cnx_node_leave
                0x40224304                wifi_softap_staconnected_event_policy
                0x4022432c                wifi_softap_toomany_deny
                0x40224364                cnx_node_join
 *fill*         0x40224591        0x3 
 .irom0.text    0x40224594      0x16f c:/Espressif/ESP8266_SDK/lib\libnet80211.a(ieee80211_action.o)
                                0x193 (size before relaxing)
                0x402245a4                ieee80211_send_action_register
                0x402245d8                ieee80211_send_action_unregister
                0x402245ec                ieee80211_send_action
                0x40224658                ieee80211_recv_action_register
                0x4022468c                ieee80211_recv_action_unregister
                0x402246a0                ieee80211_recv_action
 *fill*         0x40224703        0x1 
 .irom0.text    0x40224704      0x479 c:/Espressif/ESP8266_SDK/lib\libnet80211.a(ieee80211_action_vendor.o)
                                0x505 (size before relaxing)
                0x40224708                get_iav_key
                0x40224728                register_ieee80211_action_vendor_get_key_cb
                0x4022473c                unregister_ieee80211_action_vendor_get_key_cb
                0x40224750                ieee80211_add_action_vendor_spec_esp
                0x40224798                ieee80211_alloc_action_vendor_spec
                0x40224884                ieee80211_send_action_vendor_spec
                0x40224a18                ieee80211_recv_action_vendor_spec
                0x40224b20                ieee80211_action_vendor_spec_attach
                0x40224b60                register_ieee80211_action_vendor_spec_cb
                0x40224b74                unregister_ieee80211_action_vendor_spec_cb
 *fill*         0x40224b7d        0x3 
 .irom0.text    0x40224b80      0x15d c:/Espressif/ESP8266_SDK/lib\libnet80211.a(ieee80211_crypto_ccmp.o)
                                0x165 (size before relaxing)
 *fill*         0x40224cdd        0x3 
 .irom0.text    0x40224ce0      0x23d c:/Espressif/ESP8266_SDK/lib\libnet80211.a(ieee80211_ie_vendor.o)
                                0x25d (size before relaxing)
                0x40224ce4                ieee80211_add_ie_vendor_esp_head
                0x40224d1c                ieee80211_add_ie_vendor_esp_mesh_assoc
                0x40224da0                ieee80211_add_ie_vendor_esp_mesh_group
                0x40224dd0                ieee80211_add_ie_vendor_esp_simple_pair
                0x40224e20                ieee80211_add_ie_vendor_esp_freq_annon
                0x40224e58                ieee80211_add_ie_vendor_esp_now
                0x40224e90                ieee80211_add_ie_vendor_esp_ssid
                0x40224ed0                ieee80211_add_ie_vendor_esp_manufacturer
 *fill*         0x40224f1d        0x3 
 .irom0.text    0x40224f20     0x13b2 c:/Espressif/ESP8266_SDK/lib\liblwip.a(dhcp.o)
                               0x159e (size before relaxing)
                0x4022519c                dhcp_coarse_tmr
                0x402251e8                dhcp_fine_tmr
                0x40225440                dhcp_set_struct
                0x40225468                dhcp_cleanup
                0x40225494                dhcp_start
                0x4022554c                dhcp_inform
                0x402255f8                dhcp_network_changed
                0x40225640                dhcp_arp_reply
                0x4022593c                dhcp_renew
                0x40225bb0                dhcp_release
                0x40225c70                dhcp_stop
 *fill*         0x402262d2        0x2 
 .irom0.text    0x402262d4      0xcd7 c:/Espressif/ESP8266_SDK/lib\liblwip.a(dhcpserver.o)
                                0xebf (size before relaxing)
                0x402262d4                node_insert_to_list
                0x4022630c                node_remove_from_list
                0x40226c34                dhcps_start
                0x40226c9c                dhcps_stop
                0x40226d08                wifi_softap_set_dhcps_lease
                0x40226df4                wifi_softap_get_dhcps_lease
                0x40226e8c                dhcps_coarse_tmr
                0x40226f04                wifi_softap_set_dhcps_offer_option
                0x40226f48                wifi_softap_set_dhcps_lease_time
                0x40226f78                wifi_softap_reset_dhcps_lease_time
                0x40226fa4                wifi_softap_get_dhcps_lease_time
 *fill*         0x40226fab        0x1 
 .irom0.text    0x40226fac      0x5c3 c:/Espressif/ESP8266_SDK/lib\liblwip.a(dns.o)
                                0x677 (size before relaxing)
                0x40226fb8                dns_init
                0x40226ff8                dns_setserver
                0x40227018                dns_getserver
                0x4022702c                dns_tmr
                0x40227518                dns_gethostbyname
 *fill*         0x4022756f        0x1 
 .irom0.text    0x40227570      0xfb8 c:/Espressif/ESP8266_SDK/lib\liblwip.a(espconn_tcp.o)
                               0x12bc (size before relaxing)
                0x40227658                espconn_kill_oldest_pcb
                0x402276dc                espconn_kill_pcb
                0x40227758                espconn_find_current_pcb
                0x40227a6c                espconn_tcp_sent
                0x40227b24                espconn_tcp_disconnect
                0x40227bb8                espconn_recv_hold
                0x40227bfc                espconn_recv_unhold
                0x40227d08                espconn_tcp_write
                0x40227f38                espconn_tcp_client
                0x402283c4                espconn_tcp_server
                0x40228480                espconn_tcp_delete
                0x4022850c                espconn_init
 .irom0.text    0x40228528      0x8cf c:/Espressif/ESP8266_SDK/lib\liblwip.a(etharp.o)
                                0x9b7 (size before relaxing)
                0x4022855c                etharp_tmr
                0x40228788                etharp_cleanup_netif